Archive member included to satisfy reference by file (symbol)

s:/nxp/mcuxpressoide_10.3.0_2200/ide/plugins/com.nxp.mcuxpresso.tools.win32_10.3.0.201811011841/tools/bin/../lib/gcc/arm-none-eabi/7.3.1/../../../../arm-none-eabi/lib/thumb/v6-m\libcr_semihost_nf.a(_cr__main.o)
                              ./startup/startup_mkl25z4.o (__main)
s:/nxp/mcuxpressoide_10.3.0_2200/ide/plugins/com.nxp.mcuxpresso.tools.win32_10.3.0.201811011841/tools/bin/../lib/gcc/arm-none-eabi/7.3.1/../../../../arm-none-eabi/lib/thumb/v6-m\libcr_semihost_nf.a(_cr_assert.o)
                              ./drivers/fsl_clock.o (__assertion_failed)
s:/nxp/mcuxpressoide_10.3.0_2200/ide/plugins/com.nxp.mcuxpresso.tools.win32_10.3.0.201811011841/tools/bin/../lib/gcc/arm-none-eabi/7.3.1/../../../../arm-none-eabi/lib/thumb/v6-m\libcr_semihost_nf.a(__ciob.o)
                              s:/nxp/mcuxpressoide_10.3.0_2200/ide/plugins/com.nxp.mcuxpresso.tools.win32_10.3.0.201811011841/tools/bin/../lib/gcc/arm-none-eabi/7.3.1/../../../../arm-none-eabi/lib/thumb/v6-m\libcr_semihost_nf.a(_cr_assert.o) (__Ciob)
s:/nxp/mcuxpressoide_10.3.0_2200/ide/plugins/com.nxp.mcuxpresso.tools.win32_10.3.0.201811011841/tools/bin/../lib/gcc/arm-none-eabi/7.3.1/../../../../arm-none-eabi/lib/thumb/v6-m\libcr_semihost_nf.a(__sys_appexit.o)
                              s:/nxp/mcuxpressoide_10.3.0_2200/ide/plugins/com.nxp.mcuxpresso.tools.win32_10.3.0.201811011841/tools/bin/../lib/gcc/arm-none-eabi/7.3.1/../../../../arm-none-eabi/lib/thumb/v6-m\libcr_semihost_nf.a(_cr_assert.o) (__sys_appexit)
s:/nxp/mcuxpressoide_10.3.0_2200/ide/plugins/com.nxp.mcuxpresso.tools.win32_10.3.0.201811011841/tools/bin/../lib/gcc/arm-none-eabi/7.3.1/../../../../arm-none-eabi/lib/thumb/v6-m\libcr_c.a(memcpy.o)
                              ./drivers/fsl_flash.o (memcpy)
s:/nxp/mcuxpressoide_10.3.0_2200/ide/plugins/com.nxp.mcuxpresso.tools.win32_10.3.0.201811011841/tools/bin/../lib/gcc/arm-none-eabi/7.3.1/../../../../arm-none-eabi/lib/thumb/v6-m\libcr_c.a(memset.o)
                              ./drivers/fsl_flash.o (memset)
s:/nxp/mcuxpressoide_10.3.0_2200/ide/plugins/com.nxp.mcuxpresso.tools.win32_10.3.0.201811011841/tools/bin/../lib/gcc/arm-none-eabi/7.3.1/../../../../arm-none-eabi/lib/thumb/v6-m\libcr_c.a(_deferredlazyseek.o)
                              s:/nxp/mcuxpressoide_10.3.0_2200/ide/plugins/com.nxp.mcuxpresso.tools.win32_10.3.0.201811011841/tools/bin/../lib/gcc/arm-none-eabi/7.3.1/../../../../arm-none-eabi/lib/thumb/v6-m\libcr_semihost_nf.a(_cr_assert.o) (__flsbuf)
s:/nxp/mcuxpressoide_10.3.0_2200/ide/plugins/com.nxp.mcuxpresso.tools.win32_10.3.0.201811011841/tools/bin/../lib/gcc/arm-none-eabi/7.3.1/../../../../arm-none-eabi/lib/thumb/v6-m\libcr_c.a(_fflush.o)
                              s:/nxp/mcuxpressoide_10.3.0_2200/ide/plugins/com.nxp.mcuxpresso.tools.win32_10.3.0.201811011841/tools/bin/../lib/gcc/arm-none-eabi/7.3.1/../../../../arm-none-eabi/lib/thumb/v6-m\libcr_c.a(_deferredlazyseek.o) (_fflush)
s:/nxp/mcuxpressoide_10.3.0_2200/ide/plugins/com.nxp.mcuxpresso.tools.win32_10.3.0.201811011841/tools/bin/../lib/gcc/arm-none-eabi/7.3.1/../../../../arm-none-eabi/lib/thumb/v6-m\libcr_c.a(_writebuf.o)
                              s:/nxp/mcuxpressoide_10.3.0_2200/ide/plugins/com.nxp.mcuxpresso.tools.win32_10.3.0.201811011841/tools/bin/../lib/gcc/arm-none-eabi/7.3.1/../../../../arm-none-eabi/lib/thumb/v6-m\libcr_c.a(_deferredlazyseek.o) (_Cwritebuf)
s:/nxp/mcuxpressoide_10.3.0_2200/ide/plugins/com.nxp.mcuxpresso.tools.win32_10.3.0.201811011841/tools/bin/../lib/gcc/arm-none-eabi/7.3.1/../../../../arm-none-eabi/lib/thumb/v6-m\libcr_c.a(alloc.o)
                              s:/nxp/mcuxpressoide_10.3.0_2200/ide/plugins/com.nxp.mcuxpresso.tools.win32_10.3.0.201811011841/tools/bin/../lib/gcc/arm-none-eabi/7.3.1/../../../../arm-none-eabi/lib/thumb/v6-m\libcr_c.a(_deferredlazyseek.o) (_Csys_alloc)
s:/nxp/mcuxpressoide_10.3.0_2200/ide/plugins/com.nxp.mcuxpresso.tools.win32_10.3.0.201811011841/tools/bin/../lib/gcc/arm-none-eabi/7.3.1/../../../../arm-none-eabi/lib/thumb/v6-m\libcr_c.a(fputs.o)
                              s:/nxp/mcuxpressoide_10.3.0_2200/ide/plugins/com.nxp.mcuxpresso.tools.win32_10.3.0.201811011841/tools/bin/../lib/gcc/arm-none-eabi/7.3.1/../../../../arm-none-eabi/lib/thumb/v6-m\libcr_semihost_nf.a(_cr_assert.o) (fputs)
s:/nxp/mcuxpressoide_10.3.0_2200/ide/plugins/com.nxp.mcuxpresso.tools.win32_10.3.0.201811011841/tools/bin/../lib/gcc/arm-none-eabi/7.3.1/../../../../arm-none-eabi/lib/thumb/v6-m\libcr_c.a(fseek.o)
                              s:/nxp/mcuxpressoide_10.3.0_2200/ide/plugins/com.nxp.mcuxpresso.tools.win32_10.3.0.201811011841/tools/bin/../lib/gcc/arm-none-eabi/7.3.1/../../../../arm-none-eabi/lib/thumb/v6-m\libcr_c.a(_deferredlazyseek.o) (fseek)
s:/nxp/mcuxpressoide_10.3.0_2200/ide/plugins/com.nxp.mcuxpresso.tools.win32_10.3.0.201811011841/tools/bin/../lib/gcc/arm-none-eabi/7.3.1/../../../../arm-none-eabi/lib/thumb/v6-m\libcr_c.a(ftell.o)
[...]
Memory Configuration

Name             Origin             Length             Attributes
PROGRAM_FLASH    0x00000000         0x00020000         xr
SRAM             0x1ffff000         0x00004000         xrw
*default*        0x00000000         0xffffffff

Linker script and memory map

LOAD ./utilities/fsl_debug_console.o
LOAD ./startup/startup_mkl25z4.o
LOAD ./source/DMA.o
LOAD ./source/mtb.o
LOAD ./source/semihost_hardfault.o
LOAD ./drivers/fsl_clock.o
LOAD ./drivers/fsl_common.o
LOAD ./drivers/fsl_flash.o
LOAD ./drivers/fsl_gpio.o
LOAD ./drivers/fsl_lpsci.o
LOAD ./drivers/fsl_smc.o
LOAD ./drivers/fsl_uart.o
LOAD ./dma/sources/adc.o
LOAD ./dma/sources/main.o
LOAD ./dma/sources/uart.o
LOAD ./board/board.o
LOAD ./board/clock_config.o
LOAD ./board/peripherals.o
LOAD ./board/pin_mux.o
LOAD ./CMSIS/system_MKL25Z4.o
START GROUP
LOAD s:/nxp/mcuxpressoide_10.3.0_2200/ide/plugins/com.nxp.mcuxpresso.tools.win32_10.3.0.201811011841/tools/bin/../lib/gcc/arm-none-eabi/7.3.1/../../../../arm-none-eabi/lib/thumb/v6-m\libcr_semihost_nf.a
LOAD s:/nxp/mcuxpressoide_10.3.0_2200/ide/plugins/com.nxp.mcuxpresso.tools.win32_10.3.0.201811011841/tools/bin/../lib/gcc/arm-none-eabi/7.3.1/../../../../arm-none-eabi/lib/thumb/v6-m\libcr_c.a
LOAD s:/nxp/mcuxpressoide_10.3.0_2200/ide/plugins/com.nxp.mcuxpresso.tools.win32_10.3.0.201811011841/tools/bin/../lib/gcc/arm-none-eabi/7.3.1/thumb/v6-m\libcr_eabihelpers.a
END GROUP
                0x00000000                __base_PROGRAM_FLASH = 0x0
                0x00000000                __base_Flash = 0x0
                0x00020000                __top_PROGRAM_FLASH = 0x20000
                0x00020000                __top_Flash = 0x20000
                0x1ffff000                __base_SRAM = 0x1ffff000
                0x1ffff000                __base_RAM = 0x1ffff000
                0x20003000                __top_SRAM = 0x20003000
                0x20003000                __top_RAM = 0x20003000

.text           0x00000000     0x3c98
 FILL mask 0xff
                0x00000000                __vectors_start__ = ABSOLUTE (.)
 *(SORT_BY_ALIGNMENT(.isr_vector))
 .isr_vector    0x00000000       0xc0 ./startup/startup_mkl25z4.o
                0x00000000                g_pfnVectors
                0x00000000                __Vectors
                0x000000c0                . = ALIGN (0x4)
                0x000000c0                __section_table_start = .
                0x000000c0                __data_section_table = .
                0x000000c0        0x4 LONG 0x3c98 LOADADDR (.data)
                0x000000c4        0x4 LONG 0x1ffff080 ADDR (.data)
                0x000000c8        0x4 LONG 0x8 SIZEOF (.data)
                0x000000cc                __data_section_table_end = .
                0x000000cc                __bss_section_table = .
                0x000000cc        0x4 LONG 0x1ffff088 ADDR (.bss)
                0x000000d0        0x4 LONG 0xf0 SIZEOF (.bss)
                0x000000d4                __bss_section_table_end = .
                0x000000d4                __section_table_end = .
 *(SORT_BY_ALIGNMENT(.after_vectors*))
 .after_vectors.reset
                0x000000d4       0x4c ./startup/startup_mkl25z4.o
                0x000000d4                ResetISR
 .after_vectors.init_data
                0x00000120       0x16 ./startup/startup_mkl25z4.o
                0x00000120                data_init
 .after_vectors.init_bss
                0x00000136       0x12 ./startup/startup_mkl25z4.o
                0x00000136                bss_init
 .after_vectors
                0x00000148      0x10c ./startup/startup_mkl25z4.o
                0x00000148                NMI_Handler
                0x0000014c                SVC_Handler
                0x0000014e                PendSV_Handler
                0x00000150                SysTick_Handler
                0x00000152                LPTMR0_DriverIRQHandler
                0x00000152                Reserved39_DriverIRQHandler
                0x00000152                DMA0_DriverIRQHandler
                0x00000152                SPI1_DriverIRQHandler
                0x00000152                I2C0_DriverIRQHandler
                0x00000152                PORTD_DriverIRQHandler
                0x00000152                DMA2_DriverIRQHandler
                0x00000152                CMP0_DriverIRQHandler
                0x00000152                TPM2_DriverIRQHandler
                0x00000152                ADC0_DriverIRQHandler
                0x00000152                SPI0_DriverIRQHandler
                0x00000152                TSI0_DriverIRQHandler
                0x00000152                RTC_Seconds_DriverIRQHandler
                0x00000152                I2C1_DriverIRQHandler
                0x00000152                DMA1_DriverIRQHandler
                0x00000152                LLWU_DriverIRQHandler
                0x00000152                MCG_DriverIRQHandler
                0x00000152                PIT_DriverIRQHandler
                0x00000152                RTC_DriverIRQHandler
                0x00000152                FTFA_DriverIRQHandler
                0x00000152                IntDefaultHandler
                0x00000152                USB0_DriverIRQHandler
                0x00000152                DAC0_DriverIRQHandler
                0x00000152                TPM1_DriverIRQHandler
                0x00000152                LVD_LVW_DriverIRQHandler
                0x00000152                TPM0_DriverIRQHandler
                0x00000152                PORTA_DriverIRQHandler
                0x00000152                Reserved45_DriverIRQHandler
                0x00000152                Reserved20_DriverIRQHandler
                0x00000152                DMA3_DriverIRQHandler
                0x00000154                DMA0_IRQHandler
                0x0000015c                DMA1_IRQHandler
                0x00000164                DMA2_IRQHandler
                0x0000016c                DMA3_IRQHandler
                0x00000174                Reserved20_IRQHandler
                0x0000017c                FTFA_IRQHandler
                0x00000184                LVD_LVW_IRQHandler
                0x0000018c                LLWU_IRQHandler
                0x00000194                I2C0_IRQHandler
                0x0000019c                I2C1_IRQHandler
                0x000001a4                SPI0_IRQHandler
                0x000001ac                SPI1_IRQHandler
                0x000001b4                UART0_IRQHandler
                0x000001bc                UART1_IRQHandler
                0x000001c4                UART2_IRQHandler
                0x000001d4                CMP0_IRQHandler
                0x000001dc                TPM0_IRQHandler
                0x000001e4                TPM1_IRQHandler
                0x000001ec                TPM2_IRQHandler
                0x000001f4                RTC_IRQHandler
                0x000001fc                RTC_Seconds_IRQHandler
                0x00000204                PIT_IRQHandler
                0x0000020c                Reserved39_IRQHandler
                0x00000214                USB0_IRQHandler
                0x0000021c                DAC0_IRQHandler
                0x00000224                TSI0_IRQHandler
                0x0000022c                MCG_IRQHandler
                0x00000234                LPTMR0_IRQHandler
                0x0000023c                Reserved45_IRQHandler
                0x00000244                PORTA_IRQHandler
                0x0000024c                PORTD_IRQHandler
                0x00000400                . = 0x400
 *fill*         0x00000254      0x1ac ff
                0x00000400                PROVIDE (__FLASH_CONFIG_START__ = .)
 *(SORT_BY_ALIGNMENT(.FlashConfig))
 .FlashConfig   0x00000400       0x10 ./startup/startup_mkl25z4.o
                0x00000400                Flash_Config
                0x00000410                PROVIDE (__FLASH_CONFIG_END__ = .)
                0x00000001                ASSERT (! ((__FLASH_CONFIG_START__ == __FLASH_CONFIG_END__)), Linker Flash Config Support Enabled, but no .FlashConfig section provided within application)
 *(SORT_BY_ALIGNMENT(.text*))
 .text.DbgConsole_Init
                0x00000410       0xf4 ./utilities/fsl_debug_console.o
                0x00000410                DbgConsole_Init
 .text.__sys_write
                0x00000504       0x58 ./utilities/fsl_debug_console.o
                0x00000504                __sys_write
 .text.main     0x0000055c       0x34 ./source/DMA.o
                0x0000055c                main
 .text.HardFault_Handler
                0x00000590       0x30 ./source/semihost_hardfault.o
                0x00000590                HardFault_Handler
 .text.CLOCK_SetEr32kClock
                0x000005c0       0x34 ./drivers/fsl_clock.o
 .text.CLOCK_SetPllFllSelClock
                0x000005f4       0x38 ./drivers/fsl_clock.o
 .text.CLOCK_GetMcgExtClkFreq
                0x0000062c       0x28 ./drivers/fsl_clock.o
 .text.CLOCK_GetFllExtRefClkFreq
                0x00000654       0xa4 ./drivers/fsl_clock.o
 .text.CLOCK_GetFllRefClkFreq
                0x000006f8       0x2c ./drivers/fsl_clock.o
 .text.CLOCK_GetOscRangeFromFreq
                0x00000724       0x4c ./drivers/fsl_clock.o
 .text.CLOCK_GetPllFllSelClkFreq
                0x00000770       0x4c ./drivers/fsl_clock.o
                0x00000770                CLOCK_GetPllFllSelClkFreq
 .text.CLOCK_SetSimConfig
                0x000007bc       0x38 ./drivers/fsl_clock.o
                0x000007bc                CLOCK_SetSimConfig
 .text.CLOCK_GetFllFreq
                0x000007f4       0x84 ./drivers/fsl_clock.o
                0x000007f4                CLOCK_GetFllFreq
 .text.CLOCK_GetPll0Freq
                0x00000878       0x70 ./drivers/fsl_clock.o
                0x00000878                CLOCK_GetPll0Freq
 .text.CLOCK_SetInternalRefClkConfig
                0x000008e8      0x128 ./drivers/fsl_clock.o
                0x000008e8                CLOCK_SetInternalRefClkConfig
 .text.CLOCK_EnablePll0
                0x00000a10       0x90 ./drivers/fsl_clock.o
                0x00000a10                CLOCK_EnablePll0
 .text.CLOCK_InitOsc0
                0x00000aa0       0x94 ./drivers/fsl_clock.o
                0x00000aa0                CLOCK_InitOsc0
 .text.CLOCK_SetPbeMode
                0x00000b34       0xb0 ./drivers/fsl_clock.o
                0x00000b34                CLOCK_SetPbeMode
 .text.CLOCK_BootToPeeMode
                0x00000be4       0x70 ./drivers/fsl_clock.o
                0x00000be4                CLOCK_BootToPeeMode
 .text.CLOCK_EnableClock
                0x00000c54       0x34 ./drivers/fsl_lpsci.o
 .text.LPSCI_GetInstance
                0x00000c88       0x48 ./drivers/fsl_lpsci.o
                0x00000c88                LPSCI_GetInstance
 .text.LPSCI_Init
                0x00000cd0      0x260 ./drivers/fsl_lpsci.o
                0x00000cd0                LPSCI_Init
 .text.LPSCI_GetDefaultConfig
                0x00000f30       0x44 ./drivers/fsl_lpsci.o
                0x00000f30                LPSCI_GetDefaultConfig
 .text.LPSCI_ClearStatusFlags
                0x00000f74       0x94 ./drivers/fsl_lpsci.o
                0x00000f74                LPSCI_ClearStatusFlags
 .text.LPSCI_WriteBlocking
                0x00001008       0x4c ./drivers/fsl_lpsci.o
                0x00001008                LPSCI_WriteBlocking
 .text.LPSCI_ReadBlocking
                0x00001054       0xc0 ./drivers/fsl_lpsci.o
                0x00001054                LPSCI_ReadBlocking
 .text.UART0_DriverIRQHandler
                0x00001114       0x24 ./drivers/fsl_lpsci.o
                0x00001114                UART0_DriverIRQHandler
 .text.CLOCK_EnableClock
                0x00001138       0x34 ./drivers/fsl_uart.o
 .text.UART_GetInstance
                0x0000116c       0x54 ./drivers/fsl_uart.o
                0x0000116c                UART_GetInstance
 .text.UART_Init
                0x000011c0      0x1e8 ./drivers/fsl_uart.o
                0x000011c0                UART_Init
 .text.UART_GetDefaultConfig
                0x000013a8       0x44 ./drivers/fsl_uart.o
                0x000013a8                UART_GetDefaultConfig
 .text.UART_ReadBlocking
                0x000013ec       0x98 ./drivers/fsl_uart.o
                0x000013ec                UART_ReadBlocking
 .text.UART1_DriverIRQHandler
                0x00001484       0x24 ./drivers/fsl_uart.o
                0x00001484                UART1_DriverIRQHandler
 .text.UART2_DriverIRQHandler
                0x000014a8       0x24 ./drivers/fsl_uart.o
                0x000014a8                UART2_DriverIRQHandler
 .text.NVIC_EnableIRQ
                0x000014cc       0x2c ./dma/sources/adc.o
 .text.adc_init
                0x000014f8       0xec ./dma/sources/adc.o
                0x000014f8                adc_init
 .text.GPIO_toggle
                0x000015e4       0x34 ./dma/sources/adc.o
                0x000015e4                GPIO_toggle
 .text.ADC0_IRQHandler
                0x00001618       0x3c ./dma/sources/adc.o
                0x00001618                ADC0_IRQHandler
 .text.delayms1
                0x00001654       0x3c ./dma/sources/adc.o
                0x00001654                delayms1
 .text.CLOCK_SetLpsci0Clock
                0x00001690       0x38 ./board/board.o
 .text.BOARD_InitDebugConsole
                0x000016c8       0x30 ./board/board.o
                0x000016c8                BOARD_InitDebugConsole
 .text.CLOCK_SetSimSafeDivs
                0x000016f8       0x20 ./board/clock_config.o
 .text.CLOCK_SetXtal0Freq
                0x00001718       0x1c ./board/clock_config.o
 .text.CLOCK_CONFIG_SetFllExtRefDiv
                0x00001734       0x3c ./board/clock_config.o
 .text.BOARD_BootClockRUN
                0x00001770       0x64 ./board/clock_config.o
                0x00001770                BOARD_BootClockRUN
 .text.CLOCK_EnableClock
                0x000017d4       0x34 ./board/pin_mux.o
 .text.PORT_SetPinMux
                0x00001808       0x40 ./board/pin_mux.o
 .text.BOARD_InitPins
                0x00001848       0x4c ./board/pin_mux.o
                0x00001848                BOARD_InitPins
 .text.SystemInit
                0x00001894       0x18 ./CMSIS/system_MKL25Z4.o
                0x00001894                SystemInit
 .text.__assertion_failed
                0x000018ac       0x4c s:/nxp/mcuxpressoide_10.3.0_2200/ide/plugins/com.nxp.mcuxpresso.tools.win32_10.3.0.201811011841/tools/bin/../lib/gcc/arm-none-eabi/7.3.1/../../../../arm-none-eabi/lib/thumb/v6-m\libcr_semihost_nf.a(_cr_assert.o)
                0x000018ac                __assertion_failed
 .text.__sys_appexit
                0x000018f8        0xc s:/nxp/mcuxpressoide_10.3.0_2200/ide/plugins/com.nxp.mcuxpresso.tools.win32_10.3.0.201811011841/tools/bin/../lib/gcc/arm-none-eabi/7.3.1/../../../../arm-none-eabi/lib/thumb/v6-m\libcr_semihost_nf.a(__sys_appexit.o)
                0x000018f8                __sys_appexit
                0x000018f8                __exit
 .text._deferredlazyseek
                0x00001904       0x40 s:/nxp/mcuxpressoide_10.3.0_2200/ide/plugins/com.nxp.mcuxpresso.tools.win32_10.3.0.201811011841/tools/bin/../lib/gcc/arm-none-eabi/7.3.1/../../../../arm-none-eabi/lib/thumb/v6-m\libcr_c.a(_deferredlazyseek.o)
                0x00001904                _deferredlazyseek
 .text.__flsbuf
                0x00001944      0x14c s:/nxp/mcuxpressoide_10.3.0_2200/ide/plugins/com.nxp.mcuxpresso.tools.win32_10.3.0.201811011841/tools/bin/../lib/gcc/arm-none-eabi/7.3.1/../../../../arm-none-eabi/lib/thumb/v6-m\libcr_c.a(_deferredlazyseek.o)
                0x00001944                __flsbuf
 .text._fflush  0x00001a90       0x5c s:/nxp/mcuxpressoide_10.3.0_2200/ide/plugins/com.nxp.mcuxpresso.tools.win32_10.3.0.201811011841/tools/bin/../lib/gcc/arm-none-eabi/7.3.1/../../../../arm-none-eabi/lib/thumb/v6-m\libcr_c.a(_fflush.o)
                0x00001a90                _fflush
 .text._Cwritebuf
                0x00001aec       0x68 s:/nxp/mcuxpressoide_10.3.0_2200/ide/plugins/com.nxp.mcuxpresso.tools.win32_10.3.0.201811011841/tools/bin/../lib/gcc/arm-none-eabi/7.3.1/../../../../arm-none-eabi/lib/thumb/v6-m\libcr_c.a(_writebuf.o)
                0x00001aec                _Cwritebuf
 .text.malloc   0x00001b54       0xcc s:/nxp/mcuxpressoide_10.3.0_2200/ide/plugins/com.nxp.mcuxpresso.tools.win32_10.3.0.201811011841/tools/bin/../lib/gcc/arm-none-eabi/7.3.1/../../../../arm-none-eabi/lib/thumb/v6-m\libcr_c.a(alloc.o)
                0x00001b54                malloc
 .text._Csys_alloc
                0x00001c20       0x20 s:/nxp/mcuxpressoide_10.3.0_2200/ide/plugins/com.nxp.mcuxpresso.tools.win32_10.3.0.201811011841/tools/bin/../lib/gcc/arm-none-eabi/7.3.1/../../../../arm-none-eabi/lib/thumb/v6-m\libcr_c.a(alloc.o)
                0x00001c20                _Csys_alloc
 .text.fseek    0x00001c40       0xf0 s:/nxp/mcuxpressoide_10.3.0_2200/ide/plugins/com.nxp.mcuxpresso.tools.win32_10.3.0.201811011841/tools/bin/../lib/gcc/arm-none-eabi/7.3.1/../../../../arm-none-eabi/lib/thumb/v6-m\libcr_c.a(fseek.o)
                0x00001c40                fseek
 .text.ftell    0x00001d30       0x48 s:/nxp/mcuxpressoide_10.3.0_2200/ide/plugins/com.nxp.mcuxpresso.tools.win32_10.3.0.201811011841/tools/bin/../lib/gcc/arm-none-eabi/7.3.1/../../../../arm-none-eabi/lib/thumb/v6-m\libcr_c.a(ftell.o)
                0x00001d30                ftell
 .text._initio  0x00001d78       0x7c s:/nxp/mcuxpressoide_10.3.0_2200/ide/plugins/com.nxp.mcuxpresso.tools.win32_10.3.0.201811011841/tools/bin/../lib/gcc/arm-none-eabi/7.3.1/../../../../arm-none-eabi/lib/thumb/v6-m\libcr_c.a(initio.o)
                0x00001d78                _initio
 .text.__vfprintf
                0x00001df4      0xcb8 s:/nxp/mcuxpressoide_10.3.0_2200/ide/plugins/com.nxp.mcuxpresso.tools.win32_10.3.0.201811011841/tools/bin/../lib/gcc/arm-none-eabi/7.3.1/../../../../arm-none-eabi/lib/thumb/v6-m\libcr_c.a(printf.o)
                0x00001df4                __vfprintf
 .text._vsnprintf
                0x00002aac       0x70 s:/nxp/mcuxpressoide_10.3.0_2200/ide/plugins/com.nxp.mcuxpresso.tools.win32_10.3.0.201811011841/tools/bin/../lib/gcc/arm-none-eabi/7.3.1/../../../../arm-none-eabi/lib/thumb/v6-m\libcr_c.a(printf.o)
                0x00002aac                _vsnprintf
 .text._printf  0x00002b1c       0x50 s:/nxp/mcuxpressoide_10.3.0_2200/ide/plugins/com.nxp.mcuxpresso.tools.win32_10.3.0.201811011841/tools/bin/../lib/gcc/arm-none-eabi/7.3.1/../../../../arm-none-eabi/lib/thumb/v6-m\libcr_c.a(printf.o)
                0x00002b1c                _printf
 .text.setvbuf  0x00002b6c       0x48 s:/nxp/mcuxpressoide_10.3.0_2200/ide/plugins/com.nxp.mcuxpresso.tools.win32_10.3.0.201811011841/tools/bin/../lib/gcc/arm-none-eabi/7.3.1/../../../../arm-none-eabi/lib/thumb/v6-m\libcr_c.a(setvbuf.o)
                0x00002b6c                setvbuf
 .text.strlen   0x00002bb4       0x58 s:/nxp/mcuxpressoide_10.3.0_2200/ide/plugins/com.nxp.mcuxpresso.tools.win32_10.3.0.201811011841/tools/bin/../lib/gcc/arm-none-eabi/7.3.1/../../../../arm-none-eabi/lib/thumb/v6-m\libcr_c.a(strlen.o)
                0x00002bb4                strlen
 .text._sbrk    0x00002c0c       0x40 s:/nxp/mcuxpressoide_10.3.0_2200/ide/plugins/com.nxp.mcuxpresso.tools.win32_10.3.0.201811011841/tools/bin/../lib/gcc/arm-none-eabi/7.3.1/../../../../arm-none-eabi/lib/thumb/v6-m\libcr_c.a(_cr_sbrk.o)
                0x00002c0c                _sbrk
 .text._fdopen  0x00002c4c       0x74 s:/nxp/mcuxpressoide_10.3.0_2200/ide/plugins/com.nxp.mcuxpresso.tools.win32_10.3.0.201811011841/tools/bin/../lib/gcc/arm-none-eabi/7.3.1/../../../../arm-none-eabi/lib/thumb/v6-m\libcr_c.a(_fdopen.o)
                0x00002c4c                _fdopen
 .text.fclose   0x00002cc0       0x5c s:/nxp/mcuxpressoide_10.3.0_2200/ide/plugins/com.nxp.mcuxpresso.tools.win32_10.3.0.201811011841/tools/bin/../lib/gcc/arm-none-eabi/7.3.1/../../../../arm-none-eabi/lib/thumb/v6-m\libcr_c.a(fclose.o)
                0x00002cc0                fclose
 .text.fflush   0x00002d1c       0x44 s:/nxp/mcuxpressoide_10.3.0_2200/ide/plugins/com.nxp.mcuxpresso.tools.win32_10.3.0.201811011841/tools/bin/../lib/gcc/arm-none-eabi/7.3.1/../../../../arm-none-eabi/lib/thumb/v6-m\libcr_c.a(fflush.o)
                0x00002d1c                fflush
 .text.__check_heap_overflow
                0x00002d60       0x14 s:/nxp/mcuxpressoide_10.3.0_2200/ide/plugins/com.nxp.mcuxpresso.tools.win32_10.3.0.201811011841/tools/bin/../lib/gcc/arm-none-eabi/7.3.1/../../../../arm-none-eabi/lib/thumb/v6-m\libcr_c.a(_cr_check_heap.o)
                0x00002d60                __check_heap_overflow
 .text._do_fflush
                0x00002d74       0x44 s:/nxp/mcuxpressoide_10.3.0_2200/ide/plugins/com.nxp.mcuxpresso.tools.win32_10.3.0.201811011841/tools/bin/../lib/gcc/arm-none-eabi/7.3.1/../../../../arm-none-eabi/lib/thumb/v6-m\libcr_c.a(_do_fflush.o)
                0x00002d74                _do_fflush
 .text.UART_EnableTx
                0x00002db8       0x40 ./utilities/fsl_debug_console.o
 .text.UART_EnableRx
                0x00002df8       0x40 ./utilities/fsl_debug_console.o
 .text.LPSCI_EnableTx
                0x00002e38       0x40 ./utilities/fsl_debug_console.o
 .text.LPSCI_EnableRx
                0x00002e78       0x40 ./utilities/fsl_debug_console.o
 .text.OSC_SetExtRefClkConfig
                0x00002eb8       0x3e ./drivers/fsl_clock.o
 .text.OSC_SetCapLoad
                0x00002ef6       0x42 ./drivers/fsl_clock.o
 .text.CLOCK_GetPll0RefFreq
                0x00002f38       0x10 ./drivers/fsl_clock.o
 .text.CLOCK_SetExternalRefClkConfig
                0x00002f48       0x16 ./drivers/fsl_clock.o
                0x00002f48                CLOCK_SetExternalRefClkConfig
 .text.LPSCI_GetStatusFlags
                0x00002f5e       0x26 ./drivers/fsl_lpsci.o
                0x00002f5e                LPSCI_GetStatusFlags
 .text.UART_GetStatusFlags
                0x00002f84       0x26 ./drivers/fsl_uart.o
                0x00002f84                UART_GetStatusFlags
 .text.UART_WriteBlocking
                0x00002faa       0x3a ./drivers/fsl_uart.o
                0x00002faa                UART_WriteBlocking
 .text.BOARD_InitBootClocks
                0x00002fe4        0xe ./board/clock_config.o
                0x00002fe4                BOARD_InitBootClocks
 .text.BOARD_InitBootPeripherals
                0x00002ff2        0xa ./board/peripherals.o
                0x00002ff2                BOARD_InitBootPeripherals
 .text.BOARD_InitBootPins
                0x00002ffc        0xe ./board/pin_mux.o
                0x00002ffc                BOARD_InitBootPins
 .text.__main   0x0000300a        0xc s:/nxp/mcuxpressoide_10.3.0_2200/ide/plugins/com.nxp.mcuxpresso.tools.win32_10.3.0.201811011841/tools/bin/../lib/gcc/arm-none-eabi/7.3.1/../../../../arm-none-eabi/lib/thumb/v6-m\libcr_semihost_nf.a(_cr__main.o)
                0x0000300a                __CR_SEMIHOST
                0x0000300a                __main
 .text.memset   0x00003016        0x8 s:/nxp/mcuxpressoide_10.3.0_2200/ide/plugins/com.nxp.mcuxpresso.tools.win32_10.3.0.201811011841/tools/bin/../lib/gcc/arm-none-eabi/7.3.1/../../../../arm-none-eabi/lib/thumb/v6-m\libcr_c.a(memset.o)
                0x00003016                memset
 .text.free     0x0000301e       0x2c s:/nxp/mcuxpressoide_10.3.0_2200/ide/plugins/com.nxp.mcuxpresso.tools.win32_10.3.0.201811011841/tools/bin/../lib/gcc/arm-none-eabi/7.3.1/../../../../arm-none-eabi/lib/thumb/v6-m\libcr_c.a(alloc.o)
                0x0000301e                free
 .text.fputs    0x0000304a       0x2e s:/nxp/mcuxpressoide_10.3.0_2200/ide/plugins/com.nxp.mcuxpresso.tools.win32_10.3.0.201811011841/tools/bin/../lib/gcc/arm-none-eabi/7.3.1/../../../../arm-none-eabi/lib/thumb/v6-m\libcr_c.a(fputs.o)
                0x0000304a                fputs
 .text.no_fp_display
                0x00003078        0x4 s:/nxp/mcuxpressoide_10.3.0_2200/ide/plugins/com.nxp.mcuxpresso.tools.win32_10.3.0.201811011841/tools/bin/../lib/gcc/arm-none-eabi/7.3.1/../../../../arm-none-eabi/lib/thumb/v6-m\libcr_c.a(printf.o)
 .text.remove   0x0000307c       0x12 s:/nxp/mcuxpressoide_10.3.0_2200/ide/plugins/com.nxp.mcuxpresso.tools.win32_10.3.0.201811011841/tools/bin/../lib/gcc/arm-none-eabi/7.3.1/../../../../arm-none-eabi/lib/thumb/v6-m\libcr_c.a(remove.o)
                0x0000307c                remove
 .text.__aeabi_division_idivmod
                0x0000308e       0x78 s:/nxp/mcuxpressoide_10.3.0_2200/ide/plugins/com.nxp.mcuxpresso.tools.win32_10.3.0.201811011841/tools/bin/../lib/gcc/arm-none-eabi/7.3.1/thumb/v6-m\libcr_eabihelpers.a(division_32.o)
                0x0000308e                __aeabi_idivmod
                0x0000308e                __aeabi_idiv
                0x00003094                __aeabi_uidivmod
                0x00003094                __aeabi_uidiv
 .text.__aeabi_division_idiv0
                0x00003106        0x2 s:/nxp/mcuxpressoide_10.3.0_2200/ide/plugins/com.nxp.mcuxpresso.tools.win32_10.3.0.201811011841/tools/bin/../lib/gcc/arm-none-eabi/7.3.1/thumb/v6-m\libcr_eabihelpers.a(division_idiv0.o)
                0x00003106                __aeabi_idiv0
 .text.__aeabi_llong_lmul
                0x00003108       0x2e s:/nxp/mcuxpressoide_10.3.0_2200/ide/plugins/com.nxp.mcuxpresso.tools.win32_10.3.0.201811011841/tools/bin/../lib/gcc/arm-none-eabi/7.3.1/thumb/v6-m\libcr_eabihelpers.a(llong.o)
                0x00003108                __aeabi_lmul
 .text.__aeabi_memset_lowlevel
                0x00003136       0x2a s:/nxp/mcuxpressoide_10.3.0_2200/ide/plugins/com.nxp.mcuxpresso.tools.win32_10.3.0.201811011841/tools/bin/../lib/gcc/arm-none-eabi/7.3.1/thumb/v6-m\libcr_eabihelpers.a(memcpy.o)
                0x00003136                __aeabi_lowlevel_memset
 .text.__sys_close
                0x00003160        0xc s:/nxp/mcuxpressoide_10.3.0_2200/ide/plugins/com.nxp.mcuxpresso.tools.win32_10.3.0.201811011841/tools/bin/../lib/gcc/arm-none-eabi/7.3.1/../../../../arm-none-eabi/lib/thumb/v6-m\libcr_semihost_nf.a(__sys_close.o)
                0x00003160                __sys_close
 .text.__sys_flen
                0x0000316c        0xc s:/nxp/mcuxpressoide_10.3.0_2200/ide/plugins/com.nxp.mcuxpresso.tools.win32_10.3.0.201811011841/tools/bin/../lib/gcc/arm-none-eabi/7.3.1/../../../../arm-none-eabi/lib/thumb/v6-m\libcr_semihost_nf.a(__sys_flen.o)
                0x0000316c                __sys_flen
 .text.__sys_istty
                0x00003178        0xc s:/nxp/mcuxpressoide_10.3.0_2200/ide/plugins/com.nxp.mcuxpresso.tools.win32_10.3.0.201811011841/tools/bin/../lib/gcc/arm-none-eabi/7.3.1/../../../../arm-none-eabi/lib/thumb/v6-m\libcr_semihost_nf.a(__sys_istty.o)
                0x00003178                __sys_istty
 .text.__sys_remove
                0x00003184        0xc s:/nxp/mcuxpressoide_10.3.0_2200/ide/plugins/com.nxp.mcuxpresso.tools.win32_10.3.0.201811011841/tools/bin/../lib/gcc/arm-none-eabi/7.3.1/../../../../arm-none-eabi/lib/thumb/v6-m\libcr_semihost_nf.a(__sys_remove.o)
                0x00003184                __sys_remove
 .text.__sys_seek
                0x00003190        0xc s:/nxp/mcuxpressoide_10.3.0_2200/ide/plugins/com.nxp.mcuxpresso.tools.win32_10.3.0.201811011841/tools/bin/../lib/gcc/arm-none-eabi/7.3.1/../../../../arm-none-eabi/lib/thumb/v6-m\libcr_semihost_nf.a(__sys_seek.o)
                0x00003190                __sys_seek
 .text.__sys_tmpnam
                0x0000319c        0xc s:/nxp/mcuxpressoide_10.3.0_2200/ide/plugins/com.nxp.mcuxpresso.tools.win32_10.3.0.201811011841/tools/bin/../lib/gcc/arm-none-eabi/7.3.1/../../../../arm-none-eabi/lib/thumb/v6-m\libcr_semihost_nf.a(__sys_tmpnam.o)
                0x0000319c                __sys_tmpnam
 *(SORT_BY_ALIGNMENT(.rodata) SORT_BY_ALIGNMENT(.rodata.*) SORT_BY_ALIGNMENT(.constdata) SORT_BY_ALIGNMENT(.constdata.*))
 .rodata        0x000031a8        0xd ./source/DMA.o
 *fill*         0x000031b5        0x3 ff
 .rodata        0x000031b8      0x11d ./drivers/fsl_clock.o
 *fill*         0x000032d5        0x3 ff
 .rodata.fllFactorTable.5188
                0x000032d8       0x10 ./drivers/fsl_clock.o
 .rodata        0x000032e8      0x48c ./drivers/fsl_lpsci.o
 .rodata.s_uartBases
                0x00003774        0xc ./drivers/fsl_uart.o
 .rodata.s_uartClock
                0x00003780        0xc ./drivers/fsl_uart.o
 .rodata        0x0000378c      0x45b ./drivers/fsl_uart.o
 *fill*         0x00003be7        0x1 ff
 .rodata        0x00003be8       0x26 ./dma/sources/adc.o
 *fill*         0x00003c0e        0x2 ff
 .rodata.mcgConfig_BOARD_BootClockRUN
                0x00003c10        0xa ./board/clock_config.o
                0x00003c10                mcgConfig_BOARD_BootClockRUN
 *fill*         0x00003c1a        0x2 ff
 .rodata.simConfig_BOARD_BootClockRUN
                0x00003c1c        0x8 ./board/clock_config.o
                0x00003c1c                simConfig_BOARD_BootClockRUN
 .rodata.oscConfig_BOARD_BootClockRUN
                0x00003c24        0x8 ./board/clock_config.o
                0x00003c24                oscConfig_BOARD_BootClockRUN
 .rodata.__num_Ciob_streams
                0x00003c2c        0x4 s:/nxp/mcuxpressoide_10.3.0_2200/ide/plugins/com.nxp.mcuxpresso.tools.win32_10.3.0.201811011841/tools/bin/../lib/gcc/arm-none-eabi/7.3.1/../../../../arm-none-eabi/lib/thumb/v6-m\libcr_semihost_nf.a(__ciob.o)
                0x00003c2c                __num_Ciob_streams
 .rodata.__assertion_failed.str1.1
                0x00003c30       0x15 s:/nxp/mcuxpressoide_10.3.0_2200/ide/plugins/com.nxp.mcuxpresso.tools.win32_10.3.0.201811011841/tools/bin/../lib/gcc/arm-none-eabi/7.3.1/../../../../arm-none-eabi/lib/thumb/v6-m\libcr_semihost_nf.a(_cr_assert.o)
 .rodata._Csys_alloc.str1.1
                0x00003c45       0x18 s:/nxp/mcuxpressoide_10.3.0_2200/ide/plugins/com.nxp.mcuxpresso.tools.win32_10.3.0.201811011841/tools/bin/../lib/gcc/arm-none-eabi/7.3.1/../../../../arm-none-eabi/lib/thumb/v6-m\libcr_c.a(alloc.o)
 .rodata._initio.str1.1
                0x00003c5d        0x4 s:/nxp/mcuxpressoide_10.3.0_2200/ide/plugins/com.nxp.mcuxpresso.tools.win32_10.3.0.201811011841/tools/bin/../lib/gcc/arm-none-eabi/7.3.1/../../../../arm-none-eabi/lib/thumb/v6-m\libcr_c.a(initio.o)
 .rodata.__vfprintf.str1.1
                0x00003c61       0x35 s:/nxp/mcuxpressoide_10.3.0_2200/ide/plugins/com.nxp.mcuxpresso.tools.win32_10.3.0.201811011841/tools/bin/../lib/gcc/arm-none-eabi/7.3.1/../../../../arm-none-eabi/lib/thumb/v6-m\libcr_c.a(printf.o)
                                 0x38 (size before relaxing)
                0x00003c98                . = ALIGN (0x4)
 *fill*         0x00003c96        0x2 ff

.glue_7         0x00003c98        0x0
 .glue_7        0x00003c98        0x0 linker stubs

.glue_7t        0x00003c98        0x0
 .glue_7t       0x00003c98        0x0 linker stubs

.vfp11_veneer   0x00003c98        0x0
 .vfp11_veneer  0x00003c98        0x0 linker stubs

.v4_bx          0x00003c98        0x0
 .v4_bx         0x00003c98        0x0 linker stubs

.iplt           0x00003c98        0x0
 .iplt          0x00003c98        0x0 ./utilities/fsl_debug_console.o

.rel.dyn        0x00003c98        0x0
 .rel.iplt      0x00003c98        0x0 ./utilities/fsl_debug_console.o

.ARM.extab
 *(SORT_BY_ALIGNMENT(.ARM.extab*) SORT_BY_ALIGNMENT(.gnu.linkonce.armextab.*))
                0x00003c98                __exidx_start = .

.ARM.exidx
 *(SORT_BY_ALIGNMENT(.ARM.exidx*) SORT_BY_ALIGNMENT(.gnu.linkonce.armexidx.*))
                0x00003c98                __exidx_end = .
                0x00003c98                _etext = .

.m_usb_data
 *(SORT_BY_ALIGNMENT(m_usb_bdt))

.mtb_buffer_default
                0x1ffff000       0x80
 *(SORT_BY_ALIGNMENT(.mtb*))
 .mtb.$RAM1     0x1ffff000       0x80 ./source/mtb.o
                0x1ffff000                __mtb_buffer__

.uninit_RESERVED
                0x1ffff080        0x0
 *(SORT_BY_ALIGNMENT(.bss.$RESERVED*))
                0x1ffff080                . = ALIGN (0x4)
                0x1ffff080                _end_uninit_RESERVED = .

.data           0x1ffff080        0x8 load address 0x00003c98
 FILL mask 0xff
                0x1ffff080                _data = .
 *(SORT_BY_ALIGNMENT(vtable))
 *(SORT_BY_ALIGNMENT(.ramfunc*))
 *(SORT_BY_ALIGNMENT(.data*))
 .data.s_slowIrcFreq
                0x1ffff080        0x4 ./drivers/fsl_clock.o
 .data.SystemCoreClock
                0x1ffff084        0x4 ./CMSIS/system_MKL25Z4.o
                0x1ffff084                SystemCoreClock
                0x1ffff088                . = ALIGN (0x4)
                0x1ffff088                _edata = .

.igot.plt       0x1ffff088        0x0 load address 0x00003ca0
 .igot.plt      0x1ffff088        0x0 ./utilities/fsl_debug_console.o

.bss            0x1ffff088       0xf0 load address 0x00003ca0
                0x1ffff088                _bss = .
 *(SORT_BY_ALIGNMENT(.bss*))
 .bss.s_debugConsole
                0x1ffff088       0x10 ./utilities/fsl_debug_console.o
 .bss.i.5306    0x1ffff098        0x4 ./source/DMA.o
 .bss.g_xtal0Freq
                0x1ffff09c        0x4 ./drivers/fsl_clock.o
                0x1ffff09c                g_xtal0Freq
 .bss.s_lpsciHandle
                0x1ffff0a0        0x4 ./drivers/fsl_lpsci.o
 .bss.s_lpsciIsr
                0x1ffff0a4        0x4 ./drivers/fsl_lpsci.o
 .bss.s_uartHandle
                0x1ffff0a8        0xc ./drivers/fsl_uart.o
 .bss.s_uartIsr
                0x1ffff0b4        0x4 ./drivers/fsl_uart.o
 .bss.__Ciob    0x1ffff0b8       0xb4 s:/nxp/mcuxpressoide_10.3.0_2200/ide/plugins/com.nxp.mcuxpresso.tools.win32_10.3.0.201811011841/tools/bin/../lib/gcc/arm-none-eabi/7.3.1/../../../../arm-none-eabi/lib/thumb/v6-m\libcr_semihost_nf.a(__ciob.o)
                0x1ffff0b8                __Ciob
 .bss.__end_of_heap
                0x1ffff16c        0x4 s:/nxp/mcuxpressoide_10.3.0_2200/ide/plugins/com.nxp.mcuxpresso.tools.win32_10.3.0.201811011841/tools/bin/../lib/gcc/arm-none-eabi/7.3.1/../../../../arm-none-eabi/lib/thumb/v6-m\libcr_c.a(__init_alloc.o)
                0x1ffff16c                __end_of_heap
 .bss.__heaps   0x1ffff170        0x4 s:/nxp/mcuxpressoide_10.3.0_2200/ide/plugins/com.nxp.mcuxpresso.tools.win32_10.3.0.201811011841/tools/bin/../lib/gcc/arm-none-eabi/7.3.1/../../../../arm-none-eabi/lib/thumb/v6-m\libcr_c.a(__init_alloc.o)
                0x1ffff170                __heaps
 .bss.errno     0x1ffff174        0x4 s:/nxp/mcuxpressoide_10.3.0_2200/ide/plugins/com.nxp.mcuxpresso.tools.win32_10.3.0.201811011841/tools/bin/../lib/gcc/arm-none-eabi/7.3.1/../../../../arm-none-eabi/lib/thumb/v6-m\libcr_c.a(errno.o)
                0x1ffff174                errno
 *(SORT_BY_ALIGNMENT(COMMON))
                0x1ffff178                . = ALIGN (0x4)
                0x1ffff178                _ebss = .
                [!provide]                PROVIDE (end = .)

.noinit         0x1ffff178        0x0 load address 0x00003ca0
                0x1ffff178                _noinit = .
 *(SORT_BY_ALIGNMENT(.noinit*))
                0x1ffff178                . = ALIGN (0x4)
                0x1ffff178                _end_noinit = .
                0x00000400                _HeapSize = 0x400

.heap           0x1ffff178      0x400 load address 0x00003ca0
                0x1ffff178                _pvHeapStart = .
                0x1ffff578                . = (. + _HeapSize)
 *fill*         0x1ffff178      0x400 
                0x1ffff578                . = ALIGN (0x4)
                0x1ffff578                _pvHeapLimit = .
                0x00000400                _StackSize = 0x400

.heap2stackfill
                0x1ffff578      0x400 load address 0x00003ca0
                0x1ffff978                . = (. + _StackSize)
 *fill*         0x1ffff578      0x400 

.stack          0x20002c00        0x0
                0x20002c00                _vStackBase = .
                0x20002c00                . = ALIGN (0x4)
                0x20003000                _vStackTop = (. + _StackSize)
                0x00000000                _image_start = LOADADDR (.text)
                0x00003ca0                _image_end = (LOADADDR (.data) + SIZEOF (.data))
                0x00003ca0                _image_size = (_image_end - _image_start)
OUTPUT(DMA.axf elf32-littlearm)

.debug_info     0x00000000     0x7bd6
 .debug_info    0x00000000      0x9dd ./utilities/fsl_debug_console.o
 .debug_info    0x000009dd      0x49b ./startup/startup_mkl25z4.o
 .debug_info    0x00000e78      0x4e2 ./source/DMA.o
 .debug_info    0x0000135a       0x52 ./source/mtb.o
 .debug_info    0x000013ac       0x3b ./source/semihost_hardfault.o
 .debug_info    0x000013e7     0x1962 ./drivers/fsl_clock.o
 .debug_info    0x00002d49     0x138c ./drivers/fsl_lpsci.o
 .debug_info    0x000040d5     0x1336 ./drivers/fsl_uart.o
 .debug_info    0x0000540b      0xc18 ./dma/sources/adc.o
 .debug_info    0x00006023      0x795 ./board/board.o
 .debug_info    0x000067b8      0xa7b ./board/clock_config.o
 .debug_info    0x00007233       0x3b ./board/peripherals.o
 .debug_info    0x0000726e      0x56a ./board/pin_mux.o
 .debug_info    0x000077d8      0x3fe ./CMSIS/system_MKL25Z4.o

.debug_abbrev   0x00000000     0x16a7
 .debug_abbrev  0x00000000      0x202 ./utilities/fsl_debug_console.o
 .debug_abbrev  0x00000202      0x16d ./startup/startup_mkl25z4.o
 .debug_abbrev  0x0000036f      0x12e ./source/DMA.o
 .debug_abbrev  0x0000049d       0x44 ./source/mtb.o
 .debug_abbrev  0x000004e1       0x2f ./source/semihost_hardfault.o
 .debug_abbrev  0x00000510      0x329 ./drivers/fsl_clock.o
 .debug_abbrev  0x00000839      0x2cd ./drivers/fsl_lpsci.o
 .debug_abbrev  0x00000b06      0x2e5 ./drivers/fsl_uart.o
 .debug_abbrev  0x00000deb      0x23f ./dma/sources/adc.o
 .debug_abbrev  0x0000102a      0x185 ./board/board.o
 .debug_abbrev  0x000011af      0x1f4 ./board/clock_config.o
 .debug_abbrev  0x000013a3       0x2f ./board/peripherals.o
 .debug_abbrev  0x000013d2      0x199 ./board/pin_mux.o
 .debug_abbrev  0x0000156b      0x13c ./CMSIS/system_MKL25Z4.o

.debug_aranges  0x00000000      0x778
 .debug_aranges
                0x00000000       0x58 ./utilities/fsl_debug_console.o
 .debug_aranges
                0x00000058      0x160 ./startup/startup_mkl25z4.o
 .debug_aranges
                0x000001b8       0x20 ./source/DMA.o
 .debug_aranges
                0x000001d8       0x18 ./source/mtb.o
 .debug_aranges
                0x000001f0       0x20 ./source/semihost_hardfault.o
 .debug_aranges
                0x00000210      0x1d8 ./drivers/fsl_clock.o
 .debug_aranges
                0x000003e8      0x118 ./drivers/fsl_lpsci.o
 .debug_aranges
                0x00000500      0x130 ./drivers/fsl_uart.o
 .debug_aranges
                0x00000630       0x48 ./dma/sources/adc.o
 .debug_aranges
                0x00000678       0x28 ./board/board.o
 .debug_aranges
                0x000006a0       0x58 ./board/clock_config.o
 .debug_aranges
                0x000006f8       0x20 ./board/peripherals.o
 .debug_aranges
                0x00000718       0x38 ./board/pin_mux.o
 .debug_aranges
                0x00000750       0x28 ./CMSIS/system_MKL25Z4.o

.debug_ranges   0x00000000      0x690
 .debug_ranges  0x00000000       0x48 ./utilities/fsl_debug_console.o
 .debug_ranges  0x00000048      0x150 ./startup/startup_mkl25z4.o
 .debug_ranges  0x00000198       0x10 ./source/DMA.o
 .debug_ranges  0x000001a8       0x10 ./source/semihost_hardfault.o
 .debug_ranges  0x000001b8      0x1c8 ./drivers/fsl_clock.o
 .debug_ranges  0x00000380      0x108 ./drivers/fsl_lpsci.o
 .debug_ranges  0x00000488      0x120 ./drivers/fsl_uart.o
 .debug_ranges  0x000005a8       0x38 ./dma/sources/adc.o
 .debug_ranges  0x000005e0       0x18 ./board/board.o
 .debug_ranges  0x000005f8       0x48 ./board/clock_config.o
 .debug_ranges  0x00000640       0x10 ./board/peripherals.o
 .debug_ranges  0x00000650       0x28 ./board/pin_mux.o
 .debug_ranges  0x00000678       0x18 ./CMSIS/system_MKL25Z4.o

.debug_macro    0x00000000     0x8d76
 .debug_macro   0x00000000      0x13a ./utilities/fsl_debug_console.o
 .debug_macro   0x0000013a      0xa84 ./utilities/fsl_debug_console.o
 .debug_macro   0x00000bbe       0x10 ./utilities/fsl_debug_console.o
 .debug_macro   0x00000bce       0x16 ./utilities/fsl_debug_console.o
 .debug_macro   0x00000be4       0x10 ./utilities/fsl_debug_console.o
 .debug_macro   0x00000bf4      0x12d ./utilities/fsl_debug_console.o
 .debug_macro   0x00000d21       0x28 ./utilities/fsl_debug_console.o
 .debug_macro   0x00000d49       0xc4 ./utilities/fsl_debug_console.o
 .debug_macro   0x00000e0d       0x16 ./utilities/fsl_debug_console.o
 .debug_macro   0x00000e23       0x22 ./utilities/fsl_debug_console.o
 .debug_macro   0x00000e45      0x5b2 ./utilities/fsl_debug_console.o
 .debug_macro   0x000013f7       0x10 ./utilities/fsl_debug_console.o
 .debug_macro   0x00001407       0x3f ./utilities/fsl_debug_console.o
 .debug_macro   0x00001446       0x3a ./utilities/fsl_debug_console.o
 .debug_macro   0x00001480       0x26 ./utilities/fsl_debug_console.o
 .debug_macro   0x000014a6      0x329 ./utilities/fsl_debug_console.o
 .debug_macro   0x000017cf       0x30 ./utilities/fsl_debug_console.o
 .debug_macro   0x000017ff     0x51e2 ./utilities/fsl_debug_console.o
 .debug_macro   0x000069e1     0x1352 ./utilities/fsl_debug_console.o
 .debug_macro   0x00007d33       0x3a ./utilities/fsl_debug_console.o
 .debug_macro   0x00007d6d       0xf4 ./utilities/fsl_debug_console.o
 .debug_macro   0x00007e61       0x35 ./utilities/fsl_debug_console.o
 .debug_macro   0x00007e96       0xd2 ./utilities/fsl_debug_console.o
 .debug_macro   0x00007f68       0x2e ./utilities/fsl_debug_console.o
 .debug_macro   0x00007f96       0x10 ./utilities/fsl_debug_console.o
 .debug_macro   0x00007fa6       0x10 ./utilities/fsl_debug_console.o
 .debug_macro   0x00007fb6       0x29 ./startup/startup_mkl25z4.o
 .debug_macro   0x00007fdf      0x14e ./source/DMA.o
 .debug_macro   0x0000812d       0xd8 ./source/DMA.o
 .debug_macro   0x00008205       0x16 ./source/DMA.o
 .debug_macro   0x0000821b       0x10 ./source/DMA.o
 .debug_macro   0x0000822b      0x112 ./source/DMA.o
 .debug_macro   0x0000833d       0x34 ./source/DMA.o
 .debug_macro   0x00008371       0x10 ./source/DMA.o
 .debug_macro   0x00008381       0x2f ./source/mtb.o
 .debug_macro   0x000083b0       0x82 ./source/mtb.o
 .debug_macro   0x00008432       0x10 ./source/mtb.o
 .debug_macro   0x00008442       0x11 ./source/semihost_hardfault.o
 .debug_macro   0x00008453      0x196 ./drivers/fsl_clock.o
 .debug_macro   0x000085e9       0x1c ./drivers/fsl_clock.o
 .debug_macro   0x00008605       0xec ./drivers/fsl_lpsci.o
 .debug_macro   0x000086f1       0xf2 ./drivers/fsl_uart.o
 .debug_macro   0x000087e3      0x14b ./dma/sources/adc.o
 .debug_macro   0x0000892e       0x34 ./dma/sources/adc.o
 .debug_macro   0x00008962      0x12b ./board/board.o
 .debug_macro   0x00008a8d      0x123 ./board/clock_config.o
 .debug_macro   0x00008bb0       0x1b ./board/peripherals.o
 .debug_macro   0x00008bcb      0x107 ./board/pin_mux.o
 .debug_macro   0x00008cd2       0x10 ./board/pin_mux.o
 .debug_macro   0x00008ce2       0x94 ./CMSIS/system_MKL25Z4.o

.debug_line     0x00000000     0x3139
 .debug_line    0x00000000      0x3a3 ./utilities/fsl_debug_console.o
 .debug_line    0x000003a3      0x128 ./startup/startup_mkl25z4.o
 .debug_line    0x000004cb      0x317 ./source/DMA.o
 .debug_line    0x000007e2       0xd1 ./source/mtb.o
 .debug_line    0x000008b3       0x54 ./source/semihost_hardfault.o
 .debug_line    0x00000907      0x9e5 ./drivers/fsl_clock.o
 .debug_line    0x000012ec      0x795 ./drivers/fsl_lpsci.o
 .debug_line    0x00001a81      0x798 ./drivers/fsl_uart.o
 .debug_line    0x00002219      0x3b4 ./dma/sources/adc.o
 .debug_line    0x000025cd      0x2cf ./board/board.o
 .debug_line    0x0000289c      0x325 ./board/clock_config.o
 .debug_line    0x00002bc1       0x58 ./board/peripherals.o
 .debug_line    0x00002c19      0x2c0 ./board/pin_mux.o
 .debug_line    0x00002ed9      0x260 ./CMSIS/system_MKL25Z4.o

.debug_str      0x00000000    0x35bad
 .debug_str     0x00000000    0x3150a ./utilities/fsl_debug_console.o
                              0x31781 (size before relaxing)
 .debug_str     0x0003150a      0x3e1 ./startup/startup_mkl25z4.o
                               0x312e (size before relaxing)
 .debug_str     0x000318eb      0xd89 ./source/DMA.o
                              0x315e3 (size before relaxing)
 .debug_str     0x00032674      0x532 ./source/mtb.o
                               0x323a (size before relaxing)
 .debug_str     0x00032ba6       0x1f ./source/semihost_hardfault.o
                               0x2d27 (size before relaxing)
 .debug_str     0x00032bc5     0x15b6 ./drivers/fsl_clock.o
                              0x32235 (size before relaxing)
 .debug_str     0x0003417b      0xb62 ./drivers/fsl_lpsci.o
                              0x3183d (size before relaxing)
 .debug_str     0x00034cdd      0x832 ./drivers/fsl_uart.o
                              0x31860 (size before relaxing)
 .debug_str     0x0003550f       0xf1 ./dma/sources/adc.o
                              0x319bb (size before relaxing)
 .debug_str     0x00035600       0x4c ./board/board.o
                              0x316ad (size before relaxing)
 .debug_str     0x0003564c      0x300 ./board/clock_config.o
                              0x31163 (size before relaxing)
 .debug_str     0x0003594c       0x31 ./board/peripherals.o
                               0x2d38 (size before relaxing)
 .debug_str     0x0003597d      0x1e1 ./board/pin_mux.o
                              0x308c6 (size before relaxing)
 .debug_str     0x00035b5e       0x4f ./CMSIS/system_MKL25Z4.o
                              0x2fb9f (size before relaxing)

.comment        0x00000000       0x7f
 .comment       0x00000000       0x7f ./utilities/fsl_debug_console.o
                                 0x80 (size before relaxing)
 .comment       0x0000007f       0x80 ./startup/startup_mkl25z4.o
 .comment       0x0000007f       0x80 ./source/DMA.o
 .comment       0x0000007f       0x80 ./source/mtb.o
 .comment       0x0000007f       0x80 ./source/semihost_hardfault.o
 .comment       0x0000007f       0x80 ./drivers/fsl_clock.o
 .comment       0x0000007f       0x80 ./drivers/fsl_lpsci.o
 .comment       0x0000007f       0x80 ./drivers/fsl_uart.o
 .comment       0x0000007f       0x80 ./dma/sources/adc.o
 .comment       0x0000007f       0x80 ./board/board.o
 .comment       0x0000007f       0x80 ./board/clock_config.o
 .comment       0x0000007f       0x80 ./board/peripherals.o
 .comment       0x0000007f       0x80 ./board/pin_mux.o
 .comment       0x0000007f       0x80 ./CMSIS/system_MKL25Z4.o
 .comment       0x0000007f       0x80 s:/nxp/mcuxpressoide_10.3.0_2200/ide/plugins/com.nxp.mcuxpresso.tools.win32_10.3.0.201811011841/tools/bin/../lib/gcc/arm-none-eabi/7.3.1/../../../../arm-none-eabi/lib/thumb/v6-m\libcr_semihost_nf.a(_cr__main.o)
 .comment       0x0000007f       0x80 s:/nxp/mcuxpressoide_10.3.0_2200/ide/plugins/com.nxp.mcuxpresso.tools.win32_10.3.0.201811011841/tools/bin/../lib/gcc/arm-none-eabi/7.3.1/../../../../arm-none-eabi/lib/thumb/v6-m\libcr_semihost_nf.a(_cr_assert.o)
 .comment       0x0000007f       0x80 s:/nxp/mcuxpressoide_10.3.0_2200/ide/plugins/com.nxp.mcuxpresso.tools.win32_10.3.0.201811011841/tools/bin/../lib/gcc/arm-none-eabi/7.3.1/../../../../arm-none-eabi/lib/thumb/v6-m\libcr_semihost_nf.a(__ciob.o)
 .comment       0x0000007f       0x80 s:/nxp/mcuxpressoide_10.3.0_2200/ide/plugins/com.nxp.mcuxpresso.tools.win32_10.3.0.201811011841/tools/bin/../lib/gcc/arm-none-eabi/7.3.1/../../../../arm-none-eabi/lib/thumb/v6-m\libcr_c.a(memset.o)
 .comment       0x0000007f       0x80 s:/nxp/mcuxpressoide_10.3.0_2200/ide/plugins/com.nxp.mcuxpresso.tools.win32_10.3.0.201811011841/tools/bin/../lib/gcc/arm-none-eabi/7.3.1/../../../../arm-none-eabi/lib/thumb/v6-m\libcr_c.a(_deferredlazyseek.o)
 .comment       0x0000007f       0x80 s:/nxp/mcuxpressoide_10.3.0_2200/ide/plugins/com.nxp.mcuxpresso.tools.win32_10.3.0.201811011841/tools/bin/../lib/gcc/arm-none-eabi/7.3.1/../../../../arm-none-eabi/lib/thumb/v6-m\libcr_c.a(_fflush.o)
 .comment       0x0000007f       0x80 s:/nxp/mcuxpressoide_10.3.0_2200/ide/plugins/com.nxp.mcuxpresso.tools.win32_10.3.0.201811011841/tools/bin/../lib/gcc/arm-none-eabi/7.3.1/../../../../arm-none-eabi/lib/thumb/v6-m\libcr_c.a(_writebuf.o)
 .comment       0x0000007f       0x80 s:/nxp/mcuxpressoide_10.3.0_2200/ide/plugins/com.nxp.mcuxpresso.tools.win32_10.3.0.201811011841/tools/bin/../lib/gcc/arm-none-eabi/7.3.1/../../../../arm-none-eabi/lib/thumb/v6-m\libcr_c.a(alloc.o)
 .comment       0x0000007f       0x80 s:/nxp/mcuxpressoide_10.3.0_2200/ide/plugins/com.nxp.mcuxpresso.tools.win32_10.3.0.201811011841/tools/bin/../lib/gcc/arm-none-eabi/7.3.1/../../../../arm-none-eabi/lib/thumb/v6-m\libcr_c.a(fputs.o)
 .comment       0x0000007f       0x80 s:/nxp/mcuxpressoide_10.3.0_2200/ide/plugins/com.nxp.mcuxpresso.tools.win32_10.3.0.201811011841/tools/bin/../lib/gcc/arm-none-eabi/7.3.1/../../../../arm-none-eabi/lib/thumb/v6-m\libcr_c.a(fseek.o)
 .comment       0x0000007f       0x80 s:/nxp/mcuxpressoide_10.3.0_2200/ide/plugins/com.nxp.mcuxpresso.tools.win32_10.3.0.201811011841/tools/bin/../lib/gcc/arm-none-eabi/7.3.1/../../../../arm-none-eabi/lib/thumb/v6-m\libcr_c.a(ftell.o)
 .comment       0x0000007f       0x80 s:/nxp/mcuxpressoide_10.3.0_2200/ide/plugins/com.nxp.mcuxpresso.tools.win32_10.3.0.201811011841/tools/bin/../lib/gcc/arm-none-eabi/7.3.1/../../../../arm-none-eabi/lib/thumb/v6-m\libcr_c.a(initio.o)
 .comment       0x0000007f       0x80 s:/nxp/mcuxpressoide_10.3.0_2200/ide/plugins/com.nxp.mcuxpresso.tools.win32_10.3.0.201811011841/tools/bin/../lib/gcc/arm-none-eabi/7.3.1/../../../../arm-none-eabi/lib/thumb/v6-m\libcr_c.a(printf.o)
 .comment       0x0000007f       0x80 s:/nxp/mcuxpressoide_10.3.0_2200/ide/plugins/com.nxp.mcuxpresso.tools.win32_10.3.0.201811011841/tools/bin/../lib/gcc/arm-none-eabi/7.3.1/../../../../arm-none-eabi/lib/thumb/v6-m\libcr_c.a(setvbuf.o)
 .comment       0x0000007f       0x80 s:/nxp/mcuxpressoide_10.3.0_2200/ide/plugins/com.nxp.mcuxpresso.tools.win32_10.3.0.201811011841/tools/bin/../lib/gcc/arm-none-eabi/7.3.1/../../../../arm-none-eabi/lib/thumb/v6-m\libcr_c.a(strlen.o)
 .comment       0x0000007f       0x80 s:/nxp/mcuxpressoide_10.3.0_2200/ide/plugins/com.nxp.mcuxpresso.tools.win32_10.3.0.201811011841/tools/bin/../lib/gcc/arm-none-eabi/7.3.1/../../../../arm-none-eabi/lib/thumb/v6-m\libcr_c.a(__init_alloc.o)
 .comment       0x0000007f       0x80 s:/nxp/mcuxpressoide_10.3.0_2200/ide/plugins/com.nxp.mcuxpresso.tools.win32_10.3.0.201811011841/tools/bin/../lib/gcc/arm-none-eabi/7.3.1/../../../../arm-none-eabi/lib/thumb/v6-m\libcr_c.a(_cr_sbrk.o)
 .comment       0x0000007f       0x80 s:/nxp/mcuxpressoide_10.3.0_2200/ide/plugins/com.nxp.mcuxpresso.tools.win32_10.3.0.201811011841/tools/bin/../lib/gcc/arm-none-eabi/7.3.1/../../../../arm-none-eabi/lib/thumb/v6-m\libcr_c.a(_fdopen.o)
 .comment       0x0000007f       0x80 s:/nxp/mcuxpressoide_10.3.0_2200/ide/plugins/com.nxp.mcuxpresso.tools.win32_10.3.0.201811011841/tools/bin/../lib/gcc/arm-none-eabi/7.3.1/../../../../arm-none-eabi/lib/thumb/v6-m\libcr_c.a(errno.o)
 .comment       0x0000007f       0x80 s:/nxp/mcuxpressoide_10.3.0_2200/ide/plugins/com.nxp.mcuxpresso.tools.win32_10.3.0.201811011841/tools/bin/../lib/gcc/arm-none-eabi/7.3.1/../../../../arm-none-eabi/lib/thumb/v6-m\libcr_c.a(fclose.o)
 .comment       0x0000007f       0x80 s:/nxp/mcuxpressoide_10.3.0_2200/ide/plugins/com.nxp.mcuxpresso.tools.win32_10.3.0.201811011841/tools/bin/../lib/gcc/arm-none-eabi/7.3.1/../../../../arm-none-eabi/lib/thumb/v6-m\libcr_c.a(fflush.o)
 .comment       0x0000007f       0x80 s:/nxp/mcuxpressoide_10.3.0_2200/ide/plugins/com.nxp.mcuxpresso.tools.win32_10.3.0.201811011841/tools/bin/../lib/gcc/arm-none-eabi/7.3.1/../../../../arm-none-eabi/lib/thumb/v6-m\libcr_c.a(remove.o)
 .comment       0x0000007f       0x80 s:/nxp/mcuxpressoide_10.3.0_2200/ide/plugins/com.nxp.mcuxpresso.tools.win32_10.3.0.201811011841/tools/bin/../lib/gcc/arm-none-eabi/7.3.1/../../../../arm-none-eabi/lib/thumb/v6-m\libcr_c.a(_cr_check_heap.o)
 .comment       0x0000007f       0x80 s:/nxp/mcuxpressoide_10.3.0_2200/ide/plugins/com.nxp.mcuxpresso.tools.win32_10.3.0.201811011841/tools/bin/../lib/gcc/arm-none-eabi/7.3.1/../../../../arm-none-eabi/lib/thumb/v6-m\libcr_c.a(_do_fflush.o)

.ARM.attributes
                0x00000000       0x30
 .ARM.attributes
                0x00000000       0x32 ./utilities/fsl_debug_console.o
 .ARM.attributes
                0x00000032       0x32 ./startup/startup_mkl25z4.o
 .ARM.attributes
                0x00000064       0x32 ./source/DMA.o
 .ARM.attributes
                0x00000096       0x32 ./source/mtb.o
 .ARM.attributes
                0x000000c8       0x32 ./source/semihost_hardfault.o
 .ARM.attributes
                0x000000fa       0x32 ./drivers/fsl_clock.o
 .ARM.attributes
                0x0000012c       0x32 ./drivers/fsl_lpsci.o
 .ARM.attributes
                0x0000015e       0x32 ./drivers/fsl_uart.o
 .ARM.attributes
                0x00000190       0x32 ./dma/sources/adc.o
 .ARM.attributes
                0x000001c2       0x32 ./board/board.o
 .ARM.attributes
                0x000001f4       0x32 ./board/clock_config.o
 .ARM.attributes
                0x00000226       0x32 ./board/peripherals.o
 .ARM.attributes
                0x00000258       0x32 ./board/pin_mux.o
 .ARM.attributes
                0x0000028a       0x32 ./CMSIS/system_MKL25Z4.o
 .ARM.attributes
                0x000002bc       0x31 s:/nxp/mcuxpressoide_10.3.0_2200/ide/plugins/com.nxp.mcuxpresso.tools.win32_10.3.0.201811011841/tools/bin/../lib/gcc/arm-none-eabi/7.3.1/../../../../arm-none-eabi/lib/thumb/v6-m\libcr_semihost_nf.a(_cr__main.o)
 .ARM.attributes
                0x000002ed       0x31 s:/nxp/mcuxpressoide_10.3.0_2200/ide/plugins/com.nxp.mcuxpresso.tools.win32_10.3.0.201811011841/tools/bin/../lib/gcc/arm-none-eabi/7.3.1/../../../../arm-none-eabi/lib/thumb/v6-m\libcr_semihost_nf.a(_cr_assert.o)
 .ARM.attributes
                0x0000031e       0x31 s:/nxp/mcuxpressoide_10.3.0_2200/ide/plugins/com.nxp.mcuxpresso.tools.win32_10.3.0.201811011841/tools/bin/../lib/gcc/arm-none-eabi/7.3.1/../../../../arm-none-eabi/lib/thumb/v6-m\libcr_semihost_nf.a(__ciob.o)
 .ARM.attributes
                0x0000034f       0x21 s:/nxp/mcuxpressoide_10.3.0_2200/ide/plugins/com.nxp.mcuxpresso.tools.win32_10.3.0.201811011841/tools/bin/../lib/gcc/arm-none-eabi/7.3.1/../../../../arm-none-eabi/lib/thumb/v6-m\libcr_semihost_nf.a(__sys_appexit.o)
 .ARM.attributes
                0x00000370       0x31 s:/nxp/mcuxpressoide_10.3.0_2200/ide/plugins/com.nxp.mcuxpresso.tools.win32_10.3.0.201811011841/tools/bin/../lib/gcc/arm-none-eabi/7.3.1/../../../../arm-none-eabi/lib/thumb/v6-m\libcr_c.a(memset.o)
 .ARM.attributes
                0x000003a1       0x31 s:/nxp/mcuxpressoide_10.3.0_2200/ide/plugins/com.nxp.mcuxpresso.tools.win32_10.3.0.201811011841/tools/bin/../lib/gcc/arm-none-eabi/7.3.1/../../../../arm-none-eabi/lib/thumb/v6-m\libcr_c.a(_deferredlazyseek.o)
 .ARM.attributes
                0x000003d2       0x31 s:/nxp/mcuxpressoide_10.3.0_2200/ide/plugins/com.nxp.mcuxpresso.tools.win32_10.3.0.201811011841/tools/bin/../lib/gcc/arm-none-eabi/7.3.1/../../../../arm-none-eabi/lib/thumb/v6-m\libcr_c.a(_fflush.o)
 .ARM.attributes
                0x00000403       0x31 s:/nxp/mcuxpressoide_10.3.0_2200/ide/plugins/com.nxp.mcuxpresso.tools.win32_10.3.0.201811011841/tools/bin/../lib/gcc/arm-none-eabi/7.3.1/../../../../arm-none-eabi/lib/thumb/v6-m\libcr_c.a(_writebuf.o)
 .ARM.attributes
                0x00000434       0x31 s:/nxp/mcuxpressoide_10.3.0_2200/ide/plugins/com.nxp.mcuxpresso.tools.win32_10.3.0.201811011841/tools/bin/../lib/gcc/arm-none-eabi/7.3.1/../../../../arm-none-eabi/lib/thumb/v6-m\libcr_c.a(alloc.o)
 .ARM.attributes
                0x00000465       0x31 s:/nxp/mcuxpressoide_10.3.0_2200/ide/plugins/com.nxp.mcuxpresso.tools.win32_10.3.0.201811011841/tools/bin/../lib/gcc/arm-none-eabi/7.3.1/../../../../arm-none-eabi/lib/thumb/v6-m\libcr_c.a(fputs.o)
 .ARM.attributes
                0x00000496       0x31 s:/nxp/mcuxpressoide_10.3.0_2200/ide/plugins/com.nxp.mcuxpresso.tools.win32_10.3.0.201811011841/tools/bin/../lib/gcc/arm-none-eabi/7.3.1/../../../../arm-none-eabi/lib/thumb/v6-m\libcr_c.a(fseek.o)
 .ARM.attributes
                0x000004c7       0x31 s:/nxp/mcuxpressoide_10.3.0_2200/ide/plugins/com.nxp.mcuxpresso.tools.win32_10.3.0.201811011841/tools/bin/../lib/gcc/arm-none-eabi/7.3.1/../../../../arm-none-eabi/lib/thumb/v6-m\libcr_c.a(ftell.o)
 .ARM.attributes
                0x000004f8       0x31 s:/nxp/mcuxpressoide_10.3.0_2200/ide/plugins/com.nxp.mcuxpresso.tools.win32_10.3.0.201811011841/tools/bin/../lib/gcc/arm-none-eabi/7.3.1/../../../../arm-none-eabi/lib/thumb/v6-m\libcr_c.a(initio.o)
 .ARM.attributes
                0x00000529       0x31 s:/nxp/mcuxpressoide_10.3.0_2200/ide/plugins/com.nxp.mcuxpresso.tools.win32_10.3.0.201811011841/tools/bin/../lib/gcc/arm-none-eabi/7.3.1/../../../../arm-none-eabi/lib/thumb/v6-m\libcr_c.a(printf.o)
 .ARM.attributes
                0x0000055a       0x31 s:/nxp/mcuxpressoide_10.3.0_2200/ide/plugins/com.nxp.mcuxpresso.tools.win32_10.3.0.201811011841/tools/bin/../lib/gcc/arm-none-eabi/7.3.1/../../../../arm-none-eabi/lib/thumb/v6-m\libcr_c.a(setvbuf.o)
 .ARM.attributes
                0x0000058b       0x31 s:/nxp/mcuxpressoide_10.3.0_2200/ide/plugins/com.nxp.mcuxpresso.tools.win32_10.3.0.201811011841/tools/bin/../lib/gcc/arm-none-eabi/7.3.1/../../../../arm-none-eabi/lib/thumb/v6-m\libcr_c.a(strlen.o)
 .ARM.attributes
                0x000005bc       0x31 s:/nxp/mcuxpressoide_10.3.0_2200/ide/plugins/com.nxp.mcuxpresso.tools.win32_10.3.0.201811011841/tools/bin/../lib/gcc/arm-none-eabi/7.3.1/../../../../arm-none-eabi/lib/thumb/v6-m\libcr_c.a(__init_alloc.o)
 .ARM.attributes
                0x000005ed       0x31 s:/nxp/mcuxpressoide_10.3.0_2200/ide/plugins/com.nxp.mcuxpresso.tools.win32_10.3.0.201811011841/tools/bin/../lib/gcc/arm-none-eabi/7.3.1/../../../../arm-none-eabi/lib/thumb/v6-m\libcr_c.a(_cr_sbrk.o)
 .ARM.attributes
                0x0000061e       0x31 s:/nxp/mcuxpressoide_10.3.0_2200/ide/plugins/com.nxp.mcuxpresso.tools.win32_10.3.0.201811011841/tools/bin/../lib/gcc/arm-none-eabi/7.3.1/../../../../arm-none-eabi/lib/thumb/v6-m\libcr_c.a(_fdopen.o)
 .ARM.attributes
                0x0000064f       0x31 s:/nxp/mcuxpressoide_10.3.0_2200/ide/plugins/com.nxp.mcuxpresso.tools.win32_10.3.0.201811011841/tools/bin/../lib/gcc/arm-none-eabi/7.3.1/../../../../arm-none-eabi/lib/thumb/v6-m\libcr_c.a(errno.o)
 .ARM.attributes
                0x00000680       0x31 s:/nxp/mcuxpressoide_10.3.0_2200/ide/plugins/com.nxp.mcuxpresso.tools.win32_10.3.0.201811011841/tools/bin/../lib/gcc/arm-none-eabi/7.3.1/../../../../arm-none-eabi/lib/thumb/v6-m\libcr_c.a(fclose.o)
 .ARM.attributes
                0x000006b1       0x31 s:/nxp/mcuxpressoide_10.3.0_2200/ide/plugins/com.nxp.mcuxpresso.tools.win32_10.3.0.201811011841/tools/bin/../lib/gcc/arm-none-eabi/7.3.1/../../../../arm-none-eabi/lib/thumb/v6-m\libcr_c.a(fflush.o)
 .ARM.attributes
                0x000006e2       0x31 s:/nxp/mcuxpressoide_10.3.0_2200/ide/plugins/com.nxp.mcuxpresso.tools.win32_10.3.0.201811011841/tools/bin/../lib/gcc/arm-none-eabi/7.3.1/../../../../arm-none-eabi/lib/thumb/v6-m\libcr_c.a(remove.o)
 .ARM.attributes
                0x00000713       0x31 s:/nxp/mcuxpressoide_10.3.0_2200/ide/plugins/com.nxp.mcuxpresso.tools.win32_10.3.0.201811011841/tools/bin/../lib/gcc/arm-none-eabi/7.3.1/../../../../arm-none-eabi/lib/thumb/v6-m\libcr_c.a(_cr_check_heap.o)
 .ARM.attributes
                0x00000744       0x31 s:/nxp/mcuxpressoide_10.3.0_2200/ide/plugins/com.nxp.mcuxpresso.tools.win32_10.3.0.201811011841/tools/bin/../lib/gcc/arm-none-eabi/7.3.1/../../../../arm-none-eabi/lib/thumb/v6-m\libcr_c.a(_do_fflush.o)
 .ARM.attributes
                0x00000775       0x21 s:/nxp/mcuxpressoide_10.3.0_2200/ide/plugins/com.nxp.mcuxpresso.tools.win32_10.3.0.201811011841/tools/bin/../lib/gcc/arm-none-eabi/7.3.1/thumb/v6-m\libcr_eabihelpers.a(division_32.o)
 .ARM.attributes
                0x00000796       0x21 s:/nxp/mcuxpressoide_10.3.0_2200/ide/plugins/com.nxp.mcuxpresso.tools.win32_10.3.0.201811011841/tools/bin/../lib/gcc/arm-none-eabi/7.3.1/thumb/v6-m\libcr_eabihelpers.a(division_idiv0.o)
 .ARM.attributes
                0x000007b7       0x21 s:/nxp/mcuxpressoide_10.3.0_2200/ide/plugins/com.nxp.mcuxpresso.tools.win32_10.3.0.201811011841/tools/bin/../lib/gcc/arm-none-eabi/7.3.1/thumb/v6-m\libcr_eabihelpers.a(llong.o)
 .ARM.attributes
                0x000007d8       0x21 s:/nxp/mcuxpressoide_10.3.0_2200/ide/plugins/com.nxp.mcuxpresso.tools.win32_10.3.0.201811011841/tools/bin/../lib/gcc/arm-none-eabi/7.3.1/thumb/v6-m\libcr_eabihelpers.a(memcpy.o)
 .ARM.attributes
                0x000007f9       0x21 s:/nxp/mcuxpressoide_10.3.0_2200/ide/plugins/com.nxp.mcuxpresso.tools.win32_10.3.0.201811011841/tools/bin/../lib/gcc/arm-none-eabi/7.3.1/../../../../arm-none-eabi/lib/thumb/v6-m\libcr_semihost_nf.a(__sys_close.o)
 .ARM.attributes
                0x0000081a       0x21 s:/nxp/mcuxpressoide_10.3.0_2200/ide/plugins/com.nxp.mcuxpresso.tools.win32_10.3.0.201811011841/tools/bin/../lib/gcc/arm-none-eabi/7.3.1/../../../../arm-none-eabi/lib/thumb/v6-m\libcr_semihost_nf.a(__sys_flen.o)
 .ARM.attributes
                0x0000083b       0x21 s:/nxp/mcuxpressoide_10.3.0_2200/ide/plugins/com.nxp.mcuxpresso.tools.win32_10.3.0.201811011841/tools/bin/../lib/gcc/arm-none-eabi/7.3.1/../../../../arm-none-eabi/lib/thumb/v6-m\libcr_semihost_nf.a(__sys_istty.o)
 .ARM.attributes
                0x0000085c       0x21 s:/nxp/mcuxpressoide_10.3.0_2200/ide/plugins/com.nxp.mcuxpresso.tools.win32_10.3.0.201811011841/tools/bin/../lib/gcc/arm-none-eabi/7.3.1/../../../../arm-none-eabi/lib/thumb/v6-m\libcr_semihost_nf.a(__sys_remove.o)
 .ARM.attributes
                0x0000087d       0x21 s:/nxp/mcuxpressoide_10.3.0_2200/ide/plugins/com.nxp.mcuxpresso.tools.win32_10.3.0.201811011841/tools/bin/../lib/gcc/arm-none-eabi/7.3.1/../../../../arm-none-eabi/lib/thumb/v6-m\libcr_semihost_nf.a(__sys_seek.o)
 .ARM.attributes
                0x0000089e       0x21 s:/nxp/mcuxpressoide_10.3.0_2200/ide/plugins/com.nxp.mcuxpresso.tools.win32_10.3.0.201811011841/tools/bin/../lib/gcc/arm-none-eabi/7.3.1/../../../../arm-none-eabi/lib/thumb/v6-m\libcr_semihost_nf.a(__sys_tmpnam.o)

.debug_frame    0x00000000     0x177c
 .debug_frame   0x00000000      0x10c ./utilities/fsl_debug_console.o
 .debug_frame   0x0000010c      0x3b0 ./startup/startup_mkl25z4.o
 .debug_frame   0x000004bc       0x2c ./source/DMA.o
 .debug_frame   0x000004e8       0x20 ./source/semihost_hardfault.o
 .debug_frame   0x00000508      0x6e0 ./drivers/fsl_clock.o
 .debug_frame   0x00000be8      0x418 ./drivers/fsl_lpsci.o
 .debug_frame   0x00001000      0x468 ./drivers/fsl_uart.o
 .debug_frame   0x00001468       0xc4 ./dma/sources/adc.o
 .debug_frame   0x0000152c       0x50 ./board/board.o
 .debug_frame   0x0000157c      0x100 ./board/clock_config.o
 .debug_frame   0x0000167c       0x2c ./board/peripherals.o
 .debug_frame   0x000016a8       0x88 ./board/pin_mux.o
 .debug_frame   0x00001730       0x4c ./CMSIS/system_MKL25Z4.o
